◇ injected env (11) from ..\.env // tip: ⌁ auth for agents [www.vestauth.com]
Total cerebro: 919 | Pendientes completar: 117
Auth OK

[1/117] OPI-26-2-26-OF Nuestra Señora de los Remedios Sur 01, Balcones de...
[2/117] OPI-26-2-21-OF Aurora Boreal 678-65, Paseo los Agaves...
[3/117] OPI-26-2-04-OF San Luis Gonzaga 4502, J. de Guadalupe, Zapopan, 4...
[4/117] OPI-26-1-16-OF Circuito Metropolitano lote 20 y 21 mz 6,  s/n Caj...
[5/117] OPI-26-1-12-OF Av. Subcolectora 2 2953, Col Valle de San Nicolas...
[6/117] OPI-26-1-01-OF Calle Dinar 831, Lagos de Oriente Guadalajara Jali...
[7/117] OPI-25-12-08-OF Av. Revolucion 2286, local 6 zona C, Plaza Revolu...
[8/117] OPI-25-11-16-LS Carretera Tlajomulco Buenavista km4 #5020...
[9/117] OPI-25-11-11-OF Cuarta privada san Cristóbal 9, Villas de la Haci...
[10/117] OPI-25-11-08-OF Agua Azul 53, Agua Caliente, Tepatitlan...
  --- Guardado [10/117] tipo:0 municipio:0 ---
[11/117] OPI-25-10-08-OF Limon 214, La Estancia, Tala Jalisco...
[12/117] OPI-25-9-17-LS Blvd. Bosques de Santa Anita 200, interior 6, Cond...
[13/117] OPI-25-9-12-OF Olivo Mexicano 10 , Valle de los Olivos  Ixtlahuac...
[14/117] OPI-25-9-07-OF Paseo las Orquídeas s/n, Lomas de Tesistan...
[15/117] OPI-25-9-01-OF Venustiano Carranza 81, Colonia Emiliano Zapata, Z...
[16/117] OPI-25-8-17-LM Arandanos 4636, Real Valdepeñas, Zapopan...
[17/117] OPI-25-8-03-LM Jardines de los Jazmines 10 Calzada del Vergel  Ja...
[18/117] OPI-25-7-09-LM Torremolinos 3535 int. 11, Colinas del Rey, Zapopa...
[19/117] OPI-24-12-16-AV Carretera Tlajomulco Buenavista km4 #5020. C.P. 4...
[20/117] OPI-24-7-23-AV Sierra de Quila 2060. Las Aguilas Zapopan, Jal....
  --- Guardado [20/117] tipo:0 municipio:0 ---
[21/117] OPIRT2-24-7-01-OF Zapote 116 col las huertas Tlaquepaque Jalisco...
  ✓ tipo: LOCAL COMERCIAL
[22/117] OPI-24-6-21-OF Prolongación La Calma 127-1 Colonia Agrícola Zapop...
[23/117] OPI-24-5-24-EK C. Monte Alban 1242, Independencia Oriente, 44340 ...
  ✓ tipo: LOCAL COMERCIAL
[24/117] OPI-24-5-20-EK Guillermo Baca 3357, Lomas de Polanco, 44960 Guada...
  ✓ tipo: LOCAL COMERCIAL
[25/117] OPI-24-5-17-EK C. Juan R. Zavala 561, San Juan Bosco, 44360 Guada...
  ✓ tipo: LOCAL COMERCIAL
[26/117] OPI-24-5-15-EK Marina Vallarta 972, Santa Margarita1a Secc., 4514...
  ✓ tipo: LOCAL COMERCIAL
[27/117] OPI-24-5-09-EK San Pablo 2162 entre francisco villa y Pánfilo Pér...
  ✓ tipo: LOCAL COMERCIAL
[28/117] OPI-24-5-07-EK Real de Los Limones 773, Camichines, 45525 San Ped...
  ✓ tipo: LOCAL COMERCIAL
[29/117] OPI-24-5-04-EK Av. González Gallo 1826-18 Los Olivos II, Olivos T...
  ✓ tipo: LOCAL COMERCIAL
[30/117] OPI-24-2-24-EK Av Casa Fuerte 158  (coto Ciudadela interior 36) 4...
  ✓ tipo: LOCAL COMERCIAL
  --- Guardado [30/117] tipo:9 municipio:0 ---
[31/117] OPI-24-4-16-EK Blvd. Vista Nte. 2855 int 2-C 45200 Tesistán, Jal....
  ✓ tipo: LOCAL COMERCIAL
[32/117] OPI-24-4-13-EK Calz del Federalismo Nte 3495, La Palmita, 45190 Z...
  ✓ tipo: LOCAL COMERCIAL
[33/117] OPI-24-4-12-EK Pablo Valdez 1921 Huerta Baeza Gdl Jalisco...
  ✓ tipo: LOCAL COMERCIAL
[34/117] OPI-24-4-10-EK Orquídea 20111, La Palmira, 45234 Zapopan, Jal....
  ✓ tipo: LOCAL COMERCIAL
[35/117] OPI-24-4-09-OF Calle de la Nebulosa 2817, Jardines del Bosque, 44...
  ✓ tipo: LOCAL COMERCIAL
[36/117] OPI-24-4-08-EK El Pedregal 19 En el Taray...
[37/117] OPI-24-4-06-EK Av. Hacienda Juchipila 7, Villas de la Hacienda, 4...
  ✓ tipo: LOCAL COMERCIAL
[38/117] OPI-24-4-05-EK Ediificio 23 departamento 1 Col Fovissste Zapopan ...
  ✓ tipo: LOCAL COMERCIAL
[39/117] OPI-24-4-04-EK Cerezo 42, La Coronilla, 45189 Zapopan, Jal....
  ✓ tipo: LOCAL COMERCIAL
[40/117] OPI-24-4-01-EK  Roberto Núñez 3338, López Portillo, 44970 Guadala...
  ✓ tipo: LOCAL COMERCIAL
  --- Guardado [40/117] tipo:18 municipio:0 ---
[41/117] OPI-24-3-24-OF Caballete 82, El Manantial, 44860 Guadalajara, Jal...
  ✓ tipo: LOCAL COMERCIAL
[42/117] OPI-24-3-18-EK Sor Juana Ines de la Cruz S/N Col. Atotonilquillo ...
[43/117] OPI-24-3-17-EK Nopalera S/N Atotonilquillo Chapala jalisco...
[44/117] OPI-24-3-16-EK Rayon 406 int A4 Col. Americana...
  ✓ tipo: LOCAL COMERCIAL
[45/117] OPI-24-3-07-EK Av Conchita 4609 Dpto. 10  Lomas de La Victoria, 4...
  ✓ tipo: LOCAL COMERCIAL
[46/117] OPI-24-2-25-EK Jesús Acal I. 2819, San Isidro, 44740 Guadalajara,...
  ✓ tipo: LOCAL COMERCIAL
[47/117] OPI-24-2-24-EK Luis Aguirre 3916, Heliodoro Hernández Loza, 44720...
  ✓ tipo: LOCAL COMERCIAL
[48/117] OPI-24-2-23-EK Andres Breton 158 Miravalle...
  ✓ tipo: LOCAL COMERCIAL
[49/117] OPI-24-2-21-EK Av. Hacienda Sta. Cruz 124 int. 13-A 45655 Santa C...
  ✓ tipo: LOCAL COMERCIAL
[50/117] OPI-24-2-12-EK República de Honduras 32, Colonial Tlaquepaque, 45...
  ✓ tipo: LOCAL COMERCIAL
  --- Guardado [50/117] tipo:26 municipio:0 ---
[51/117] OPI-24-2-10-EK Edgar Degas 4261, Miravalle, 44990 Guadalajara, Ja...
  ✓ tipo: LOCAL COMERCIAL
[52/117] OPI-24-2-06-EK San Gabriel 2952 casa 4 Jardines del Bosque Guadal...
  ✓ tipo: LOCAL COMERCIAL
[53/117] OPI-24-2-04-EK Paseo San Juan de Aragon 154 Fracc. Tres Reyes Caj...
[54/117] OPI-24-2-02-EK Río Tajo 2271, Bosques del Boulevard, 44899 Guadal...
  ✓ tipo: LOCAL COMERCIAL
[55/117] OPI-24-1-28-OF Marcos Castellanos 47, 45920 Ajijic, Jal....
  ✓ tipo: LOCAL COMERCIAL
[56/117] OPI-24-1-18-OF El Paso 71 Praderas de San Antonio Nuevo México Za...
  ✓ tipo: LOCAL COMERCIAL
[57/117] OPI-24-1-16-OF Maquinista 5820-B, Col. Artesanos, Tlaquepaque...
  ✓ tipo: LOCAL COMERCIAL
[58/117] OPI-24-1-14-OF Folledo 16, Colinas del Desarroyo...
  ✓ tipo: LOCAL COMERCIAL
[59/117] OPI-24-1-13-OF Sierra Alta 134,  Hacienda Santa Fe, Jal....
  ✓ tipo: LOCAL COMERCIAL
[60/117] OPI-24-1-08-OF Físicos 3411, Lagos de Oriente, Guadalajara...
  ✓ tipo: LOCAL COMERCIAL
  --- Guardado [60/117] tipo:35 municipio:0 ---
[61/117] OPI-24-1-07-OF Av las Torres 1216, Paraisos del Colli...
  ✓ tipo: LOCAL COMERCIAL
[62/117] OPI-24-1-03-OF Lazaro Cárdenas 3071 int 402 E, Chapalita...
  ✓ tipo: LOCAL COMERCIAL
[63/117] OPI-24-1-02-OF Aviacion 4055 int. 2 coto Salermo, Porta Real...
  ✓ tipo: LOCAL COMERCIAL
[64/117] OPI-23-12-31-OF_Limon 1418, Col. del Fresno...
  ✓ tipo: LOCAL COMERCIAL
[65/117] OPI-23-12-29-OF Marina Mazatlán 754-10, col Sta Margarita, Zapopa...
  ✓ tipo: LOCAL COMERCIAL
[66/117] OPI-23-12-27-OF Secoya 3136, Arboledas del Sur, Guadalajara...
  ✓ tipo: LOCAL COMERCIAL
[67/117] OPI-23-12-26-OF Pirul 1932, Col. del Fresno...
  ✓ tipo: LOCAL COMERCIAL
[68/117] OPI-23-12-25-OF Av. Federalistas 2078, Jardines del Valle...
  ✓ tipo: LOCAL COMERCIAL
[69/117] OPI-23-12-23-OF Rancho los Portales 3900, Torre F -203, Hacienda ...
  ✓ tipo: LOCAL COMERCIAL
[70/117] OPI-23-12-22-OF Av. Fray Angelico 4469, Miravalle...
  ✓ tipo: LOCAL COMERCIAL
  --- Guardado [70/117] tipo:45 municipio:0 ---
[71/117] OPI-23-12-21-OF Av. Fray Angelico 4475, Miravalle...
  ✓ tipo: LOCAL COMERCIAL
[72/117] OPI-23-12-19-OF P.º de las Damas 29, Paseos del Briseño...
  ✓ tipo: LOCAL COMERCIAL
[73/117] OPI-23-12-16-OF Puerto Veracruz 323-22, Arvento...
  ✓ tipo: LOCAL COMERCIAL
[74/117] OPI-23-12-15-OF Circuito Hacienda del Parian Norte 82-11, Haciend...
  ✓ tipo: LOCAL COMERCIAL
[75/117] OPI-23-12-13-OF Francisco Martin del Campo 527, Jardines Independ...
  ✓ tipo: LOCAL COMERCIAL
[76/117] OPI-23-12-08-OF Constituyentes 110 int 433, Constitución Zapopan...
  ✓ tipo: LOCAL COMERCIAL
[77/117] OPI-23-12-07-OF Coyula 24, Buena Mirada Tonala...
  ✓ tipo: LOCAL COMERCIAL
[78/117] OPI-23-12-02- Zaragoza 231coto Asturias, Real de Valdepeñas Zapop...
  ✓ tipo: LOCAL COMERCIAL
[79/117] OPI-23-11-11-OF Satelite Norte 79-12, real del Sol, Tlajomulco...
  ✓ tipo: LOCAL COMERCIAL
[80/117] OPI-23-11-09-OF Turmalina 2893A Residencial Victoria,...
  ✓ tipo: LOCAL COMERCIAL
  --- Guardado [80/117] tipo:55 municipio:0 ---
[81/117] OPI-23-11-07-OF Av. Nicolás Copérnico 943A local 2, Atlas Chapali...
  ✓ tipo: LOCAL COMERCIAL
[82/117] OPI-23-11-05-OF Herrera y Cairo 231-Interior 116, De Santiago 455...
  ✓ tipo: LOCAL COMERCIAL
[83/117] OPI-23-11-03-OF Manuel Protillo 286, San Rafael, Tlaquepaque...
  ✓ tipo: LOCAL COMERCIAL
[84/117] OPI-23-10-26-OF San Eugenio # 3, coto el Marquez, Real del Valle...
  ✓ tipo: LOCAL COMERCIAL
[85/117] OPI-23-10-24-OF Paseo del Anochecer 418- 99
Solares...
[86/117] OPI-23-10-23-OF Av.  Torremolinos 3500 
Torre Urce int 903, cañad...
  ✓ tipo: LOCAL COMERCIAL
[87/117] OPI-23-10-21-OF Del Cocinero 1492, bodega, Artesanos, Tlaquepaque...
  ✓ tipo: LOCAL COMERCIAL
[88/117] OPI-23-10-19-OF Pablo Quiroga 1508, Santa Elena de la Cruz...
  ✓ tipo: LOCAL COMERCIAL
[89/117] OPI-23-10-18-OF Av. Bellas Artes 326-22, Miravalle...
  ✓ tipo: LOCAL COMERCIAL
[90/117] OPI-23-10-17-OF Industria Textil Circuito San Isidro 61, Mirador ...
  ✓ tipo: LOCAL COMERCIAL
  --- Guardado [90/117] tipo:64 municipio:0 ---
[91/117] OPI-23-10-09-OF Del Cocinero 1492, Artesanos, Tlaquepaque...
  ✓ tipo: LOCAL COMERCIAL
[92/117] OPI-23-10-08-OF Guadalupe Victoria 28 Los Altos 45528 Tlaquepaque...
  ✓ tipo: LOCAL COMERCIAL
[93/117] OPI-23-10-08-OF_Guadalupe Victoria 28, Los Altos, Tlaquepaque...
  ✓ tipo: LOCAL COMERCIAL
[94/117] OPI-23-10-03-OF Gabriel Ruiz 1980, Santa Cecilia...
  ✓ tipo: LOCAL COMERCIAL
[95/117] OPI-23-10-02-OF San Francisto 40, coto Villa Franca, La Moraleja,...
  ✓ tipo: LOCAL COMERCIAL
[96/117] OPI-23-9-27-OF Nuez #138 Departamento 41  unidad habitacional Inf...
  ✓ tipo: LOCAL COMERCIAL
[97/117] OPI-23-9-24-OF C. La Paz 202, La Llave...
  ✓ tipo: LOCAL COMERCIAL
[98/117] OPI-23-9-23-OF Pedro Pond 2939, Col. 18 de Marzo...
  ✓ tipo: LOCAL COMERCIAL
[99/117] OPI-23-9-16-OF C. Juárez 90,  Santa Anita...
  ✓ tipo: LOCAL COMERCIAL
[100/117] OPI-23-9-13-OF Volcán Ajusco 1809, el Colli Urbano...
  ✓ tipo: LOCAL COMERCIAL
  --- Guardado [100/117] tipo:74 municipio:0 ---
[101/117] OPI-23-9-08-OF Volcán Ajusco 1811, el Colli Urbano...
  ✓ tipo: LOCAL COMERCIAL
[102/117] OPI-23-9-06-OF Calzada de los Fresnos 157, Cd. Granja...
  ✓ tipo: LOCAL COMERCIAL
[103/117] OPI-23-9-05-OF Condominio Leylandi 38a, int 59, San José del Cast...
  ✓ tipo: LOCAL COMERCIAL
[104/117] OPI-23-9-04-OF C. Caporales 716, Jardines de la Paz, Guadalajara,...
  ✓ tipo: LOCAL COMERCIAL
[105/117] OPI-23-9-03-OF Elias Villalpando 497, Insurgentes Guadalajara...
  ✓ tipo: LOCAL COMERCIAL
[106/117] OPI-23-8-32-OF Ciruelos 4, La Arboleda, Zapopan...
  ✓ tipo: LOCAL COMERCIAL
[107/117] OPI-23-8-30-OF Arquitectos Nte. 905, Jardines del Tepeyac...
  ✓ tipo: LOCAL COMERCIAL
[108/117] OPI-23-7-21-OF Insurgentes 3047, Rancho Blanco...
  ✓ tipo: LOCAL COMERCIAL
[109/117] OPI-23-7-20-OF Edgar Degas 4209, Miravalle, Guadalajara...
  ✓ tipo: LOCAL COMERCIAL
[110/117] OPI-23-7-19-OF Concordia 719, La Federacha...
  ✓ tipo: LOCAL COMERCIAL
  --- Guardado [110/117] tipo:84 municipio:0 ---
[111/117] OPI-23-7-18-OF Roberto Lua 1585-2, Paseos del Sol, Zapopan...
  ✓ tipo: LOCAL COMERCIAL
[112/117] OPI-23-7-15-OF Longinos Cadena 1274 Colonia Echeverría...
  ✓ tipo: LOCAL COMERCIAL
[113/117] OPI-23-7-14-OF Av. Arquitectura 116, Andador Grosellos 6, Miraval...
  ✓ tipo: LOCAL COMERCIAL
[114/117] OPI-23-7-09-OF Can Mayor 4295 -301 Arboledas Zapopan, Jalisco...
  ✓ tipo: LOCAL COMERCIAL
[115/117] OPI-23-7-10-OF Liberación 34, Jardines los Belenes...
  ✓ tipo: LOCAL COMERCIAL
[116/117] OPI-22-5-20-P null...
  ✓ tipo: LOCAL COMERCIAL
[117/117] OPI-23-6-13-OF Av. jalisco  22 Paseo de los agaves Tlajomulco zuñ...

=== COMPLETADO === tipo:90 | municipio:0 | errores:0
