◇ injected env (11) from ..\.env // tip: ⌘ custom filepath { path: '/custom/path/.env' }
Total cerebro: 919 | Pendientes completar: 212
Auth OK

[1/212] OPI-26-4-10-AV C. Plan de Guadalupe 1890, Parques del Auditorio, ...
  ✓ tipo: LOCAL COMERCIAL
[2/212] OPI-26-4-01-OF Pedro Moreno 110, Cantera Colorada, Tlaquepaque...
  ✓ tipo: LOCAL COMERCIAL
[3/212] OPI-26-4-01-OF Pedro Moreno 110, Cantera Colorada, Tlaquepaque...
  ✓ tipo: LOCAL COMERCIAL
[4/212] OPI-26-4-01-OF Pedro Moreno 110, Cantera Colorada, Tlaquepaque...
  ✓ tipo: LOCAL COMERCIAL
[5/212] OPI-26-3-21-OF Circuito los Sauces 12, dpto 66, Orquitedas Flamin...
  ✓ tipo: LOCAL COMERCIAL
[6/212] OPI-26-3-11-OF San Raymundo 45, Villas de Guadalupe, 45130 Zapopa...
  ✓ tipo: LOCAL COMERCIAL
[7/212] OPI-26-3-07-OF Calle Vegetación Pte. 105a, Lomas del Camichin, 45...
  ✓ tipo: LOCAL COMERCIAL
[8/212] OPI-26-3-04-OF Manuel Pérez Lete 2551, El Dean, 44440 Guadalajara...
  ✓ tipo: LOCAL COMERCIAL
[9/212] OPI-26-2-16-OF Lo Rosales 660 - 117, Parques Universidad PUerto  ...
  ✓ tipo: LOCAL COMERCIAL
[10/212] OPI-26-2-08-OF Francisco Marques No. 38, El Castillo...
  ✓ tipo: LOCAL COMERCIAL
  --- Guardado [10/212] tipo:10 municipio:0 ---
[11/212] OPI-26-1-04-OF Héctor Hernández 5646-402,Paseos del Sol...
  ✓ tipo: LOCAL COMERCIAL
[12/212] OPI-25-12-10-OF C. Senda las Flamas Chinas 30, Mirador del Bosque...
  ✓ tipo: LOCAL COMERCIAL
[13/212] OPI-25-12-05-OF  C. Pablo Valdez 3690A, San Joaquín, Guadalajara,...
  ✓ tipo: LOCAL COMERCIAL
[14/212] OPI-25-12-03-OF Esgrima 13, Auditorio Zapopan, Jal....
  ✓ tipo: LOCAL COMERCIAL
[15/212] OPI-25-11-17-OF Circunvalacion Oblatos 2077, Oblatos...
  ✓ tipo: LOCAL COMERCIAL
[16/212] OPI-25-11-06-OF Julián Carrillo 1974, Santa Cecilia, Guadalajara,...
  ✓ tipo: LOCAL COMERCIAL
[17/212] OPI-25-10-18-OF Tabachines 3750 Loma Bonita Ejidal...
  ✓ tipo: LOCAL COMERCIAL
[18/212] OPI-25-10-16-OF Ventura Anaya 178, Progreso, Guadalajara...
  ✓ tipo: LOCAL COMERCIAL
[19/212] OPI-25-10-11-OF Bolaños 11A, Jalisco IV Secc, 45403 Tonalá, Jal....
  ✓ tipo: LOCAL COMERCIAL
[20/212] OPI-25-10-09-OF 2222...
  ✓ tipo: LOCAL COMERCIAL
  --- Guardado [20/212] tipo:20 municipio:0 ---
[21/212] OPI-25-9-11-OF sadasd...
  ✓ tipo: LOCAL COMERCIAL
[22/212] OPI-25-9-11-OF sadasd...
  ✓ tipo: LOCAL COMERCIAL
[23/212] OPI-25-8-18-OF Av. de la Solidaridad Iberoamericana 5553, La Capi...
  ✓ tipo: LOCAL COMERCIAL
[24/212] OPI-25-8-15-LS Coto La Fortaleza, casa # 118 C. P. 45645...
  ✓ tipo: LOCAL COMERCIAL
[25/212] OPI-25-8-15-LS Coto La Fortaleza, casa # 118 C. P. 45645...
  ✓ tipo: LOCAL COMERCIAL
[26/212] OPI-25-8-13-LM Polígono 10...
  ✓ tipo: LOCAL COMERCIAL
[27/212] OPI-25-8-07-LM Calle Hacienda Bocalemu 199 coto 5 Fraccionamiento...
  ✓ tipo: LOCAL COMERCIAL
[28/212] OPI-25-8-07-LM Calle Hacienda Bocalemu 199 coto 5 Fraccionamiento...
  ✓ tipo: LOCAL COMERCIAL
[29/212] OPI-25-8-04-LM Cerca de Bahía de Banderas, 63736 Nay....
  ✓ tipo: LOCAL COMERCIAL
[30/212] OPI-25-8-02-LM Rio Elba 7633 Casa 5, Fraccionamiento Alba Terra, ...
  ✓ tipo: LOCAL COMERCIAL
  --- Guardado [30/212] tipo:30 municipio:0 ---
[31/212] OPI-25-7-24-LM C. Carnero 5603, Arboledas, 45070 Zapopan, Jal....
  ✓ tipo: LOCAL COMERCIAL
[32/212] OPI-25-7-22-HY Sirio 5552...
  ✓ tipo: LOCAL COMERCIAL
[33/212] OPI-25-7-17-LM Privada englentinas 326
Villas de zapoteoec 
San S...
  ✓ tipo: LOCAL COMERCIAL
[34/212] OPI-25-7-17-LM Calle paseo lomas del sur 8524...
  ✓ tipo: LOCAL COMERCIAL
[35/212] OPI-25-7-06-LM El Pinar 79, Pinar de Las Palomas I, 45406 Tonalá,...
  ✓ tipo: LOCAL COMERCIAL
[36/212] OPI-25-7-02-OF Blvd. Puerta de Hierro Ext 5430, Int 902 Puerta de...
  ✓ tipo: LOCAL COMERCIAL
[37/212] OPI-25-6-10-OF Isla Luzón 4092, 44987 Guadalajara, Jal....
  ✓ tipo: LOCAL COMERCIAL
[38/212] OPI-25-6-07-LM Av. San Martin 954, Emiliano Zapata, 45638 San Ped...
  ✓ tipo: LOCAL COMERCIAL
[39/212] OPI-25-6-02-OF Pelícano 1397 B4, col. Morelos...
  ✓ tipo: LOCAL COMERCIAL
[40/212] OPI-25-6-01-OF San Javier # 178,  Col. El campanario...
  ✓ tipo: LOCAL COMERCIAL
  --- Guardado [40/212] tipo:40 municipio:0 ---
[41/212] OPI-25-5-25-LM SADSADASDASDAS...
  ✓ tipo: LOCAL COMERCIAL
[42/212] OPI-25-5-25-LM SADSADASDASDAS...
  ✓ tipo: LOCAL COMERCIAL
[43/212] OPI-25-5-25-OF Pelícano 1397 B4, col. Morelos...
  ✓ tipo: LOCAL COMERCIAL
[44/212] OPI-25-5-19-LM C. San Javier 178, El Campanario, 45234 Zapopan, J...
  ✓ tipo: LOCAL COMERCIAL
[45/212] OPI-25-5-18-OF Artes Plásticas 289, Miravalle...
  ✓ tipo: LOCAL COMERCIAL
[46/212] OPI-25-5-15-LM 2222...
  ✓ tipo: LOCAL COMERCIAL
[47/212] OPI-25-5-11-OF Prol.cuauhtemoc 243, Acatlán de Juárez...
  ✓ tipo: LOCAL COMERCIAL
[48/212] OPI-25-5-08-OF Cerezo 1512, col del Fresno...
  ✓ tipo: LOCAL COMERCIAL
[49/212] OPI-25-5-04-AV Crisantemo s/n, Alameda de Zalatitán, Tonalá...
  ✓ tipo: LOCAL COMERCIAL
[50/212] OPI-25-5-02-OF Isla Luzón 4092, 44987 Guadalajara, Jal....
  ✓ tipo: LOCAL COMERCIAL
  --- Guardado [50/212] tipo:50 municipio:0 ---
[51/212] OPI-25-5-01-LM Hidalgo 108 Colonia la duraznera...
  ✓ tipo: LOCAL COMERCIAL
[52/212] OPI-25-4-13-AV Independencia 6, Guadalupana, El Verde...
  ✓ tipo: LOCAL COMERCIAL
[53/212] OPI-25-4-01-AV Av. Federalistas 1882-15, Condominio Palma Rosa, F...
  ✓ tipo: LOCAL COMERCIAL
[54/212] OPI-25-4-01-AV Av. Federalistas 1882-15, Condominio Palma Rosa, F...
  ✓ tipo: LOCAL COMERCIAL
[55/212] OPI-25-4-08-AV Castillo de Belmonte L-29,
M-6, Fracc. Parques del...
  ✓ tipo: LOCAL COMERCIAL
[56/212] OPI-25-4-07-AV Castillo de Chapultepec 923 10, 
Fracc. Parques de...
  ✓ tipo: LOCAL COMERCIAL
[57/212] OPI-25-4-03-AV Santo Tomas 1897,  Talpita...
  ✓ tipo: LOCAL COMERCIAL
[58/212] OPI-25-2-21-RM Punta foresta, departamento 403, zapopan...
  ✓ tipo: LOCAL COMERCIAL
[59/212] OPI-25-2-02-RM Islas cicladas 2338, Col. Jardines de san José...
  ✓ tipo: LOCAL COMERCIAL
[60/212] OPI-25-2-01-P Tarragona 101, Altagracia, Zapopan...
  ✓ tipo: LOCAL COMERCIAL
  --- Guardado [60/212] tipo:60 municipio:0 ---
[61/212] OPI-25-1-45-AV Calle Ocho 83, Col. Seattle, Zapopan...
  ✓ tipo: LOCAL COMERCIAL
[62/212] OPI-25-1-40-AV Pedregal 7, La Meza Guayabitos, Rincón de Guayabit...
  ✓ tipo: LOCAL COMERCIAL
[63/212] OPI-25-1-10-AV Priv. Guadalajara SN, Jardines del Valle, Zapopan...
  ✓ tipo: LOCAL COMERCIAL
[64/212] OPI-24-12-07-AV Prisciliano Sánchez 70, San Gaspar, Tonalá...
  ✓ tipo: LOCAL COMERCIAL
[65/212] OPI-24-12-07-AV Prisciliano Sánchez 70, San Gaspar, Tonalá...
  ✓ tipo: LOCAL COMERCIAL
[66/212] OPI-24-12-07-AV Prisciliano Sánchez 70, San Gaspar, Tonalá...
  ✓ tipo: LOCAL COMERCIAL
[67/212] OPI-24-12-02-AV Camino Viejo a Tesistan 76,  Nuevo México...
  ✓ tipo: LOCAL COMERCIAL
[68/212] OPI-24-11-25-OF C. Alfredo Carrasco 3777, Aldama Tetlán, 44820 Gu...
  ✓ tipo: LOCAL COMERCIAL
[69/212] OPI-24-11-20-OF San Miguel 2013, Los Cajetes, Zapopan...
  ✓ tipo: LOCAL COMERCIAL
[70/212] OPI-24-11-20-OF San Miguel 2013, Los Cajetes, Zapopan...
  ✓ tipo: LOCAL COMERCIAL
  --- Guardado [70/212] tipo:70 municipio:0 ---
[71/212] OPI-24-11-12-AV Privada Hortencia 326, San Carlos, Guadalajara...
  ✓ tipo: LOCAL COMERCIAL
[72/212] OPI-24-11-11-AV San Nicolás de Ibarra, Jalisco...
  ✓ tipo: LOCAL COMERCIAL
[73/212] OPI-24-11-07-AV 24 de Febrero, Infonavit Condor, La Alameda...
  ✓ tipo: LOCAL COMERCIAL
[74/212] OPI-24-10-25-AV Sin nombre SN, Int. P79 Z1 P3/5, Col. 154, Cruz V...
  ✓ tipo: LOCAL COMERCIAL
[75/212] OPI-24-10-25-AV Sin nombre SN, Int. P79 Z1 P3/5, Col. 154, Cruz V...
  ✓ tipo: LOCAL COMERCIAL
[76/212] OPI-24-10-20-EK GHC...
  ✓ tipo: LOCAL COMERCIAL
[77/212] OPI-24-10-15-EK Av. de la Mancha 1329, Lomas de Zapopan,  Zapopan...
  ✓ tipo: LOCAL COMERCIAL
[78/212] OPI-24-10-15-EK Av. de la Mancha 1329, Lomas de Zapopan,  Zapopan...
  ✓ tipo: LOCAL COMERCIAL
[79/212] OPI-24-10-14-AV Camino 6 L4 A M11 F, Los Robles, Zapopan...
  ✓ tipo: LOCAL COMERCIAL
[80/212] OPI-24-10-14-AV Camino 6 L4 A M11 F, Los Robles, Zapopan...
  ✓ tipo: LOCAL COMERCIAL
  --- Guardado [80/212] tipo:80 municipio:0 ---
[81/212] OPI-24-9-25-AV Galileo Galilei 51 Int 102, Coto Sirius, El Capulí...
  ✓ tipo: LOCAL COMERCIAL
[82/212] OPI-24-9-16-OF Calle 5A Manizales...
  ✓ tipo: LOCAL COMERCIAL
[83/212] OPI-24-9-16-OF Calle 5A Manizales...
  ✓ tipo: LOCAL COMERCIAL
[84/212] OPI-24-9-16-OF Calle 5A Manizales...
  ✓ tipo: LOCAL COMERCIAL
[85/212] OPI-24-9-03-AV Huertas 93, Altamira Tonalá...
  ✓ tipo: LOCAL COMERCIAL
[86/212] OPI-24-8-21-AV Guacamaya 1478, col mirador de San isidro...
  ✓ tipo: LOCAL COMERCIAL
[87/212] OPI-24-8-21-AV Guacamaya 1478, col mirador de San isidro...
  ✓ tipo: LOCAL COMERCIAL
[88/212] OPI-24-8-21-AV Guacamaya 1478, col mirador de San isidro...
  ✓ tipo: LOCAL COMERCIAL
[89/212] OPI-24-8-21-AV Guacamaya 1478, col mirador de San isidro...
  ✓ tipo: LOCAL COMERCIAL
[90/212] OPI-24-8-08-AV Loma Alta 76, Lomas de San Luis,  La Barca, Jal....
  ✓ tipo: LOCAL COMERCIAL
  --- Guardado [90/212] tipo:90 municipio:0 ---
[91/212] OPI-24-8-06-AV Av del Rosario 82, Lomas de La.Soledad, Tonalá...
  ✓ tipo: LOCAL COMERCIAL
[92/212] OPI-24-8-06-AV Av del Rosario 82, Lomas de La.Soledad, Tonalá...
  ✓ tipo: LOCAL COMERCIAL
[93/212] OPI-24-8-02-AV Eliodoro González 16, Jauja, Tonalá...
