◇ injected env (11) from ..\.env // tip: ⌘ override existing { override: true }
Total cerebro: 919 | Pendientes completar: 213
Auth OK

[1/213] OPI-26-4-10-AV C. Plan de Guadalupe 1890, Parques del Auditorio, ...
[2/213] OPI-26-4-01-OF Pedro Moreno 110, Cantera Colorada, Tlaquepaque...
  ✓ tipo: CASA HABITACIÓN
[3/213] OPI-26-4-01-OF Pedro Moreno 110, Cantera Colorada, Tlaquepaque...
  ✓ tipo: CASA HABITACIÓN
[4/213] OPI-26-4-01-OF Pedro Moreno 110, Cantera Colorada, Tlaquepaque...
  ✓ tipo: CASA HABITACIÓN
[5/213] OPI-26-3-21-OF Circuito los Sauces 12, dpto 66, Orquitedas Flamin...
[6/213] OPI-26-3-11-OF San Raymundo 45, Villas de Guadalupe, 45130 Zapopa...
[7/213] OPI-26-3-07-OF Calle Vegetación Pte. 105a, Lomas del Camichin, 45...
[8/213] OPI-26-3-04-OF Manuel Pérez Lete 2551, El Dean, 44440 Guadalajara...
[9/213] OPI-26-2-16-OF Lo Rosales 660 - 117, Parques Universidad PUerto  ...
[10/213] OPI-26-2-08-OF Francisco Marques No. 38, El Castillo...
  ✓ tipo: CASA HABITACIÓN
  --- Guardado [10/213] tipo:4 municipio:0 ---
[11/213] OPI-26-1-04-OF Héctor Hernández 5646-402,Paseos del Sol...
[12/213] OPI-25-12-10-OF C. Senda las Flamas Chinas 30, Mirador del Bosque...
[13/213] OPI-25-12-05-OF  C. Pablo Valdez 3690A, San Joaquín, Guadalajara,...
[14/213] OPI-25-12-03-OF Esgrima 13, Auditorio Zapopan, Jal....
[15/213] OPI-25-11-17-OF Circunvalacion Oblatos 2077, Oblatos...
[16/213] OPI-25-11-06-OF Julián Carrillo 1974, Santa Cecilia, Guadalajara,...
[17/213] OPI-25-10-18-OF Tabachines 3750 Loma Bonita Ejidal...
[18/213] OPI-25-10-16-OF Ventura Anaya 178, Progreso, Guadalajara...
[19/213] OPI-25-10-11-OF Bolaños 11A, Jalisco IV Secc, 45403 Tonalá, Jal....
[20/213] OPI-25-10-09-OF 2222...
  --- Guardado [20/213] tipo:4 municipio:0 ---
[21/213] OPI-25-9-11-OF sadasd...
[22/213] OPI-25-9-11-OF sadasd...
[23/213] OPI-25-8-18-OF Av. de la Solidaridad Iberoamericana 5553, La Capi...
[24/213] OPI-25-8-15-LS Coto La Fortaleza, casa # 118 C. P. 45645...
[25/213] OPI-25-8-15-LS Coto La Fortaleza, casa # 118 C. P. 45645...
[26/213] OPI-25-8-13-LM Polígono 10...
[27/213] OPI-25-8-07-LM Calle Hacienda Bocalemu 199 coto 5 Fraccionamiento...
[28/213] OPI-25-8-07-LM Calle Hacienda Bocalemu 199 coto 5 Fraccionamiento...
[29/213] OPI-25-8-04-LM Cerca de Bahía de Banderas, 63736 Nay....
[30/213] OPI-25-8-02-LM Rio Elba 7633 Casa 5, Fraccionamiento Alba Terra, ...
  --- Guardado [30/213] tipo:4 municipio:0 ---
[31/213] OPI-25-7-24-LM C. Carnero 5603, Arboledas, 45070 Zapopan, Jal....
[32/213] OPI-25-7-22-HY Sirio 5552...
[33/213] OPI-25-7-17-LM Privada englentinas 326
Villas de zapoteoec 
San S...
[34/213] OPI-25-7-17-LM Calle paseo lomas del sur 8524...
[35/213] OPI-25-7-06-LM El Pinar 79, Pinar de Las Palomas I, 45406 Tonalá,...
[36/213] OPI-25-7-02-OF Blvd. Puerta de Hierro Ext 5430, Int 902 Puerta de...
[37/213] OPI-25-6-10-OF Isla Luzón 4092, 44987 Guadalajara, Jal....
[38/213] OPI-25-6-07-LM Av. San Martin 954, Emiliano Zapata, 45638 San Ped...
[39/213] OPI-25-6-02-OF Pelícano 1397 B4, col. Morelos...
[40/213] OPI-25-6-01-OF San Javier # 178,  Col. El campanario...
  --- Guardado [40/213] tipo:4 municipio:0 ---
[41/213] OPI-25-5-25-LM SADSADASDASDAS...
[42/213] OPI-25-5-25-LM SADSADASDASDAS...
[43/213] OPI-25-5-25-OF Pelícano 1397 B4, col. Morelos...
[44/213] OPI-25-5-19-LM C. San Javier 178, El Campanario, 45234 Zapopan, J...
[45/213] OPI-25-5-18-OF Artes Plásticas 289, Miravalle...
[46/213] OPI-25-5-15-LM 2222...
[47/213] OPI-25-5-11-OF Prol.cuauhtemoc 243, Acatlán de Juárez...
[48/213] OPI-25-5-08-OF Cerezo 1512, col del Fresno...
  ✓ tipo: CASA HABITACIÓN
[49/213] OPI-25-5-04-AV Crisantemo s/n, Alameda de Zalatitán, Tonalá...
[50/213] OPI-25-5-02-OF Isla Luzón 4092, 44987 Guadalajara, Jal....
  --- Guardado [50/213] tipo:5 municipio:0 ---
[51/213] OPI-25-5-01-LM Hidalgo 108 Colonia la duraznera...
[52/213] OPI-25-4-13-AV Independencia 6, Guadalupana, El Verde...
[53/213] OPI-25-4-01-AV Av. Federalistas 1882-15, Condominio Palma Rosa, F...
[54/213] OPI-25-4-01-AV Av. Federalistas 1882-15, Condominio Palma Rosa, F...
[55/213] OPI-25-4-08-AV Castillo de Belmonte L-29,
M-6, Fracc. Parques del...
[56/213] OPI-25-4-07-AV Castillo de Chapultepec 923 10, 
Fracc. Parques de...
[57/213] OPI-25-4-03-AV Santo Tomas 1897,  Talpita...
  ✓ tipo: LOCAL COMERCIAL
[58/213] OPI-25-2-21-RM Punta foresta, departamento 403, zapopan...
